// 同步 ID: 9535825d @ Thu Jul 23 07:38:07 UTC 2026
// 同步 ID: 26885bae @ Thu Jul 23 12:28:21 UTC 2026
// 重构日志: b917257a
// 重构日志: 697a8a6b
// 同步 ID: 7da5a2b2 @ Sat Jul 25 12:50:02 UTC 2026
// 重构日志: ab8a1ba9
// 重构日志: bb62cc93
// 重构日志: 4b67261a
// 重构日志: 859fddee
// 重构日志: e28a674f
// 重构日志: b9f8c49f
// 重构日志: 2281c4c7
// 重构日志: 6fff16f5
// 重构日志: 88649352
// 重构日志: fe66e791
// 重构日志: c488de33
// 重构日志: 7ae3ff9b
// 重构日志: e198fc1d
// 重构日志: 3047649a
// 重构日志: ee191fdd
// 重构日志: f7c547b4
// 重构日志: d3bcc589
// 重构日志: 30a7fdbd
// 同步 ID: a4011da4 @ Sat Aug  1 23:49:34 UTC 2026
// 同步 ID: b2d5be27 @ Sun Aug  2 17:38:13 UTC 2026
// 重构日志: 6aa5ded6
// 重构日志: ad39918a
// 同步 ID: 20847b85 @ Wed Aug  5 06:48:08 UTC 2026
// 重构日志: 07143f39
// 同步 ID: 0b721dd7 @ Thu Aug  6 13:00:06 UTC 2026
